02:52:12 <INFO> Started REINVENT 4.5.11 (C) AstraZeneca 2017, 2023 on 2026-09-26
02:52:12 <INFO> Command line: /home/seyoung/miniconda3/envs/reinvent/bin/reinvent -l logs/cmp.vigHoB/new3.log logs/cmp.vigHoB/new3.toml
02:52:12 <INFO> Reading run configuration from /home/seyoung/academic_symposium/liver_fibrosis/logs/cmp.vigHoB/new3.toml using format toml
02:52:12 <INFO> User seyoung on host webserver1
02:52:12 <INFO> Python version 3.11.16
02:52:12 <INFO> PyTorch version 2.5.1+cu118, git a8d6afb511a69687bbb2b7e88a3cf67917e1697e
02:52:12 <INFO> PyTorch compiled with CUDA version 11.8
02:52:12 <INFO> RDKit version 2026.03.6
02:52:12 <INFO> Platform Linux-5.4.0-216-generic-x86_64-with-glibc2.35
02:52:12 <INFO> Number of PyTorch CUDA devices 1
02:52:12 <INFO> Using CUDA device:0 NVIDIA TITAN Xp
02:52:15 <INFO> GPU memory: 11687 MiB free, 12196 MiB total
02:52:15 <INFO> Scoring SMILES from file /home/seyoung/academic_symposium/liver_fibrosis/logs/cmp.vigHoB/molecules.smi
02:52:15 <INFO> Standardizing input SMILES
02:52:15 <INFO> Applying filter get_largest_fragment to input SMILES
02:52:15 <INFO> Applying filter general_cleanup to input SMILES
02:52:15 <INFO> Stereochemistry kept in input SMILES
02:52:15 <ERRO> Component reinvent_plugins.components.OpenEye.comp_rocs could not be imported: No module named 'openeye'
02:52:15 <INFO> Registered scoring component GroupCount
02:52:15 <INFO> Registered scoring component FragmentQed
02:52:15 <INFO> Registered scoring component FragmentSlogP
02:52:15 <INFO> Registered scoring component FragmentMolecularWeight
02:52:15 <INFO> Registered scoring component FragmentTPSA
02:52:15 <INFO> Registered scoring component FragmentDistanceMatrix
02:52:15 <INFO> Registered scoring component FragmentNumAtomStereoCenters
02:52:15 <INFO> Registered scoring component FragmentHBondAcceptors
02:52:15 <INFO> Registered scoring component FragmentHBondDonors
02:52:15 <INFO> Registered scoring component FragmentNumRotBond
02:52:15 <INFO> Registered scoring component FragmentCsp3
02:52:15 <INFO> Registered scoring component Fragmentnumsp
02:52:15 <INFO> Registered scoring component Fragmentnumsp2
02:52:15 <INFO> Registered scoring component Fragmentnumsp3
02:52:15 <INFO> Registered scoring component FragmentEffectiveLength
02:52:15 <INFO> Registered scoring component FragmentGraphLength
02:52:15 <INFO> Registered scoring component FragmentLengthRatio
02:52:15 <INFO> Registered scoring component FragmentNumHeavyAtoms
02:52:15 <INFO> Registered scoring component FragmentNumHeteroAtoms
02:52:15 <INFO> Registered scoring component FragmentNumRings
02:52:15 <INFO> Registered scoring component FragmentNumAromaticRings
02:52:15 <INFO> Registered scoring component FragmentNumAliphaticRings
02:52:15 <INFO> Registered scoring component FragmentSlogP
02:52:15 <INFO> Registered scoring component MatchingSubstructure
02:52:15 <INFO> Registered scoring component MolVolume
02:52:15 <INFO> Registered scoring component Qed
02:52:15 <INFO> Registered scoring component SlogP
02:52:15 <INFO> Registered scoring component MolecularWeight
02:52:15 <INFO> Registered scoring component GraphLength
02:52:15 <INFO> Registered scoring component NumAtomStereoCenters
02:52:15 <INFO> Registered scoring component HBondAcceptors
02:52:15 <INFO> Registered scoring component HBondDonors
02:52:15 <INFO> Registered scoring component NumRotBond
02:52:15 <INFO> Registered scoring component Csp3
02:52:15 <INFO> Registered scoring component numsp
02:52:15 <INFO> Registered scoring component numsp2
02:52:15 <INFO> Registered scoring component numsp3
02:52:15 <INFO> Registered scoring component NumHeavyAtoms
02:52:15 <INFO> Registered scoring component NumHeteroAtoms
02:52:15 <INFO> Registered scoring component NumRings
02:52:15 <INFO> Registered scoring component NumAromaticRings
02:52:15 <INFO> Registered scoring component NumAliphaticRings
02:52:15 <INFO> Registered scoring component SlogP
02:52:15 <INFO> Registered scoring component PMI
02:52:15 <INFO> Registered scoring component RDKitDescriptors
02:52:15 <INFO> Registered scoring component TanimotoSimilarity
02:52:15 <INFO> Registered scoring component TanimotoDistance
02:52:15 <INFO> Registered scoring component TPSA
02:52:15 <INFO> Registered scoring component SAScore
02:52:15 <ERRO> Component reinvent_plugins.components.comp_chemprop could not be imported: No module named 'chemprop'
02:52:15 <INFO> Registered scoring component CustomAlerts
02:52:15 <INFO> Registered scoring component DockStream
02:52:15 <INFO> Registered scoring component ExternalProcess
02:52:15 <INFO> Registered scoring component REST
02:52:15 <INFO> Registered scoring component Icolos
02:52:15 <INFO> Registered scoring component Maize
02:52:15 <INFO> Registered scoring component MMP
02:52:15 <INFO> Registered scoring component Qptuna
02:52:15 <INFO> Registered scoring component ReactionFilter
02:52:15 <INFO> Creating scoring component TanimotoSimilarity
02:52:15 <INFO> Creating scoring component TanimotoSimilarity
02:52:15 <INFO> Creating scoring component TanimotoSimilarity
02:52:15 <INFO> Creating penalty component MatchingSubstructure
02:52:15 <INFO> Creating scoring component TPSA
02:52:15 <INFO> Creating scoring component SlogP
02:52:15 <INFO> Creating scoring component Qed
02:52:15 <INFO> Creating filter component CustomAlerts
02:52:18 <INFO> Number of SMILES processed: 494
02:52:18 <INFO> Writing scoring results to /home/seyoung/academic_symposium/liver_fibrosis/logs/cmp.vigHoB/new3.csv
02:52:18 <INFO> Peak main memory usage: 1835.609 MiB
02:52:18 <INFO> Finished REINVENT on 2026-09-26
