   _______  _______ _________ _        _______ 
  (  ____ \(       )\__   __/( (    /|(  ___  )
  | (    \/| () () |   ) (   |  \  ( || (   ) |
  | (_____ | || || |   | |   |   \ | || (___) |
  (_____  )| |(_)| |   | |   | (\ \) ||  ___  |
        ) || |   | |   | |   | | \   || (   ) |
  /\____) || )   ( |___) (___| )  \  || )   ( |
  \_______)|/     \|\_______/|/    )_)|/     \|


smina is based off AutoDock Vina. Please cite appropriately.

Weights      Terms
-0.035579    gauss(o=0,_w=0.5,_c=8)
-0.005156    gauss(o=3,_w=2,_c=8)
0.840245     repulsion(o=0,_c=8)
-0.035069    hydrophobic(g=0.5,_b=1.5,_c=8)
-0.587439    non_dir_h_bond(g=-0.7,_b=0,_c=8)
1.923        num_tors_div

Using random seed: 42

mode |   affinity | dist from best mode
     | (kcal/mol) | rmsd l.b.| rmsd u.b.
-----+------------+----------+----------
1       -6.9       0.000      0.000    
2       -6.8       1.213      1.901    
3       -6.7       1.253      1.613    
4       -6.7       2.044      2.702    
5       -6.7       1.572      2.066    
6       -6.6       3.075      5.874    
7       -6.5       3.218      6.765    
8       -6.3       3.178      6.526    
9       -6.3       2.629      3.086    
10      -6.3       2.483      3.094    
11      -6.2       2.867      4.134    
12      -6.0       4.040      7.499    
13      -6.0       3.307      6.433    
14      -5.9       3.722      5.433    
15      -5.8       2.671      4.242    
16      -5.8       3.736      4.703    
17      -5.7       3.820      6.241    
18      -5.7       2.865      3.678    
19      -5.6       4.730      8.487    
20      -5.6       3.382      6.974    
